// Jest Snapshot v1, https://goo.gl/fbAQLP

exports[`renders with the correct styles 1`] = `
<DocumentFragment>
  <div
    class="_1d3w5wq _1o3nkn _1tx1l5v _zjik7 _1h3rtzg _f7ay7b"
  />
</DocumentFragment>
`;
