// Jest Snapshot v1, https://goo.gl/fbAQLP

exports[`renders with the correct styles 1`] = `
<DocumentFragment>
  <div
    class="_di48ht"
  >
    <div
      class="_1szb0m3 _1efi8gv"
    >
      index.ts
    </div>
    <div
      class="_1qnppsc"
      style="position: relative; text-align: left; box-sizing: border-box; padding: 0px; overflow: hidden;"
    >
      <textarea
        autocapitalize="off"
        autocomplete="off"
        autocorrect="off"
        class="npm__react-simple-code-editor__textarea"
        data-gramm="false"
        spellcheck="false"
        style="margin: 0px; border: 0px; background: none; box-sizing: inherit; display: inherit; font-family: inherit; font-size: inherit; font-style: inherit; font-variant-ligatures: inherit; font-weight: inherit; letter-spacing: inherit; line-height: inherit; tab-size: inherit; text-indent: inherit; text-rendering: inherit; text-transform: inherit; white-space: pre-wrap; word-break: keep-all; overflow-wrap: break-word; position: absolute; top: 0px; left: 0px; height: 100%; width: 100%; resize: none; overflow: hidden; padding: 4px 4px 4px 4px;"
      >
        undefined
      </textarea>
      <pre
        aria-hidden="true"
        style="margin: 0px; border: 0px; background: none; box-sizing: inherit; display: inherit; font-family: inherit; font-size: inherit; font-style: inherit; font-variant-ligatures: inherit; font-weight: inherit; letter-spacing: inherit; line-height: inherit; tab-size: inherit; text-indent: inherit; text-rendering: inherit; text-transform: inherit; white-space: pre-wrap; word-break: keep-all; overflow-wrap: break-word; position: relative; pointer-events: none; padding: 4px 4px 4px 4px;"
      >
        <span
          class="token keyword"
        >
          undefined
        </span>
        <br />
      </pre>
      <style
        type="text/css"
      >
        
/**
 * Reset the text fill color so that placeholder is visible
 */
.npm__react-simple-code-editor__textarea:empty {
  -webkit-text-fill-color: inherit !important;
}

/**
 * Hack to apply on some CSS on IE10 and IE11
 */
@media all and (-ms-high-contrast: none), (-ms-high-contrast: active) {
  /**
    * IE doesn't support '-webkit-text-fill-color'
    * So we use 'color: transparent' to make the text transparent on IE
    * Unlike other browsers, it doesn't affect caret color in IE
    */
  .npm__react-simple-code-editor__textarea {
    color: transparent !important;
  }

  .npm__react-simple-code-editor__textarea::selection {
    background-color: #accef7 !important;
    color: transparent !important;
  }
}

      </style>
    </div>
  </div>
</DocumentFragment>
`;
