// Jest Snapshot v1, https://goo.gl/fbAQLP

exports[`renders with the correct styles 1`] = `
<DocumentFragment>
  <div
    class="_1d3w5wq _vetbs0 _197uonj _brfjq5"
  />
</DocumentFragment>
`;
