// Jest Snapshot v1, https://goo.gl/fbAQLP

exports[`renders with the correct styles 1`] = `
<DocumentFragment>
  <div
    class="_di48ht"
  >
    <div
      class="_1efi8gv _1hl83va"
    >
      URL Whitelist
    </div>
    <div
      class=" css-2b097c-container"
    >
      <div
        class=" css-yk16xz-control"
      >
        <div
          class=" css-g1d714-ValueContainer"
        >
          <div
            class=" css-1wa3eu0-placeholder"
          >
            Enter the domains you want to send requests to here...
          </div>
          <div
            class="css-b8ldur-Input"
          >
            <div
              class=""
              style="display: inline-block;"
            >
              <input
                aria-autocomplete="list"
                autocapitalize="none"
                autocomplete="off"
                autocorrect="off"
                id="react-select-2-input"
                spellcheck="false"
                style="box-sizing: content-box; width: 2px; border: 0px; font-size: inherit; opacity: 1; outline: 0; padding: 0px;"
                tabindex="0"
                type="text"
                value=""
              />
              <div
                style="position: absolute; top: 0px; left: 0px; visibility: hidden; height: 0px; overflow: scroll; white-space: pre; font-size: inherit; font-family: -webkit-small-control; letter-spacing: normal; text-transform: none;"
              />
            </div>
          </div>
        </div>
        <div
          class=" css-1hb7zxy-IndicatorsContainer"
        />
      </div>
    </div>
    <div
      class="_1fo50kt _zjik7 _1h3rtzg"
    >
      <label
        class="_1gz641 _1efi8gv"
        for="warmupOnStart"
      >
        Post-registration warmup
      </label>
      <input
        id="warmupOnStart"
        type="checkbox"
      />
    </div>
  </div>
</DocumentFragment>
`;
